Archive member included because of file (symbol)

/opt/Freescale/KDS_v3/toolchain/bin/../lib/gcc/arm-none-eabi/4.8.4/armv6-m/libgcc.a(_udivsi3.o)
                              ./Project_Settings/Startup_Code/system_MKL25Z4.o (__aeabi_uidiv)
/opt/Freescale/KDS_v3/toolchain/bin/../lib/gcc/arm-none-eabi/4.8.4/armv6-m/libgcc.a(_dvmd_tls.o)
                              /opt/Freescale/KDS_v3/toolchain/bin/../lib/gcc/arm-none-eabi/4.8.4/armv6-m/libgcc.a(_udivsi3.o) (__aeabi_idiv0)
/opt/Freescale/KDS_v3/toolchain/bin/../lib/gcc/arm-none-eabi/4.8.4/../../../../arm-none-eabi/lib/armv6-m/libg_s.a(lib_a-exit.o)
                              /opt/Freescale/KDS_v3/toolchain/bin/../lib/gcc/arm-none-eabi/4.8.4/../../../../arm-none-eabi/lib/armv6-m/crt0.o (exit)
/opt/Freescale/KDS_v3/toolchain/bin/../lib/gcc/arm-none-eabi/4.8.4/../../../../arm-none-eabi/lib/armv6-m/libg_s.a(lib_a-impure.o)
                              /opt/Freescale/KDS_v3/toolchain/bin/../lib/gcc/arm-none-eabi/4.8.4/../../../../arm-none-eabi/lib/armv6-m/libg_s.a(lib_a-exit.o) (_global_impure_ptr)
/opt/Freescale/KDS_v3/toolchain/bin/../lib/gcc/arm-none-eabi/4.8.4/../../../../arm-none-eabi/lib/armv6-m/libg_s.a(lib_a-init.o)
                              /opt/Freescale/KDS_v3/toolchain/bin/../lib/gcc/arm-none-eabi/4.8.4/../../../../arm-none-eabi/lib/armv6-m/crt0.o (__libc_init_array)
/opt/Freescale/KDS_v3/toolchain/bin/../lib/gcc/arm-none-eabi/4.8.4/../../../../arm-none-eabi/lib/armv6-m/libg_s.a(lib_a-malloc.o)
                              ./Sources/main.o (malloc)
/opt/Freescale/KDS_v3/toolchain/bin/../lib/gcc/arm-none-eabi/4.8.4/../../../../arm-none-eabi/lib/armv6-m/libg_s.a(lib_a-memset.o)
                              /opt/Freescale/KDS_v3/toolchain/bin/../lib/gcc/arm-none-eabi/4.8.4/../../../../arm-none-eabi/lib/armv6-m/crt0.o (memset)
/opt/Freescale/KDS_v3/toolchain/bin/../lib/gcc/arm-none-eabi/4.8.4/../../../../arm-none-eabi/lib/armv6-m/libg_s.a(lib_a-nano-freer.o)
                              /opt/Freescale/KDS_v3/toolchain/bin/../lib/gcc/arm-none-eabi/4.8.4/../../../../arm-none-eabi/lib/armv6-m/libg_s.a(lib_a-malloc.o) (_free_r)
/opt/Freescale/KDS_v3/toolchain/bin/../lib/gcc/arm-none-eabi/4.8.4/../../../../arm-none-eabi/lib/armv6-m/libg_s.a(lib_a-nano-mallocr.o)
                              /opt/Freescale/KDS_v3/toolchain/bin/../lib/gcc/arm-none-eabi/4.8.4/../../../../arm-none-eabi/lib/armv6-m/libg_s.a(lib_a-malloc.o) (_malloc_r)
/opt/Freescale/KDS_v3/toolchain/bin/../lib/gcc/arm-none-eabi/4.8.4/../../../../arm-none-eabi/lib/armv6-m/libg_s.a(lib_a-sbrkr.o)
                              /opt/Freescale/KDS_v3/toolchain/bin/../lib/gcc/arm-none-eabi/4.8.4/../../../../arm-none-eabi/lib/armv6-m/libg_s.a(lib_a-nano-mallocr.o) (_sbrk_r)
/opt/Freescale/KDS_v3/toolchain/bin/../lib/gcc/arm-none-eabi/4.8.4/../../../../arm-none-eabi/lib/armv6-m/libg_s.a(lib_a-reent.o)
                              /opt/Freescale/KDS_v3/toolchain/bin/../lib/gcc/arm-none-eabi/4.8.4/../../../../arm-none-eabi/lib/armv6-m/libg_s.a(lib_a-sbrkr.o) (errno)
/opt/Freescale/KDS_v3/toolchain/bin/../lib/gcc/arm-none-eabi/4.8.4/../../../../arm-none-eabi/lib/armv6-m/libnosys.a(sbrk.o)
                              /opt/Freescale/KDS_v3/toolchain/bin/../lib/gcc/arm-none-eabi/4.8.4/../../../../arm-none-eabi/lib/armv6-m/libg_s.a(lib_a-sbrkr.o) (_sbrk)
/opt/Freescale/KDS_v3/toolchain/bin/../lib/gcc/arm-none-eabi/4.8.4/../../../../arm-none-eabi/lib/armv6-m/libnosys.a(_exit.o)
                              /opt/Freescale/KDS_v3/toolchain/bin/../lib/gcc/arm-none-eabi/4.8.4/../../../../arm-none-eabi/lib/armv6-m/libg_s.a(lib_a-exit.o) (_exit)

Allocating common symbols
Common symbol       size              file

errno               0x4               /opt/Freescale/KDS_v3/toolchain/bin/../lib/gcc/arm-none-eabi/4.8.4/../../../../arm-none-eabi/lib/armv6-m/libg_s.a(lib_a-reent.o)
Mem_Stat            0x1               ./Sources/dma.o
stat                0x4               ./Sources/main.o
dummy               0x4               ./Sources/main.o

Discarded input sections

 .text          0x00000000        0x0 /opt/Freescale/KDS_v3/toolchain/bin/../lib/gcc/arm-none-eabi/4.8.4/armv6-m/crti.o
 .data          0x00000000        0x0 /opt/Freescale/KDS_v3/toolchain/bin/../lib/gcc/arm-none-eabi/4.8.4/armv6-m/crti.o
 .bss           0x00000000        0x0 /opt/Freescale/KDS_v3/toolchain/bin/../lib/gcc/arm-none-eabi/4.8.4/armv6-m/crti.o
 .data          0x00000000        0x4 /opt/Freescale/KDS_v3/toolchain/bin/../lib/gcc/arm-none-eabi/4.8.4/armv6-m/crtbegin.o
 .data          0x00000000        0x0 /opt/Freescale/KDS_v3/toolchain/bin/../lib/gcc/arm-none-eabi/4.8.4/../../../../arm-none-eabi/lib/armv6-m/crt0.o
 .bss           0x00000000        0x0 /opt/Freescale/KDS_v3/toolchain/bin/../lib/gcc/arm-none-eabi/4.8.4/../../../../arm-none-eabi/lib/armv6-m/crt0.o
 .ARM.extab     0x00000000        0x0 /opt/Freescale/KDS_v3/toolchain/bin/../lib/gcc/arm-none-eabi/4.8.4/../../../../arm-none-eabi/lib/armv6-m/crt0.o
 .group         0x00000000        0x8 ./Sources/dma.o
 .group         0x00000000        0x8 ./Sources/dma.o
 .group         0x00000000        0x8 ./Sources/dma.o
 .group         0x00000000        0x8 ./Sources/dma.o
 .group         0x00000000        0x8 ./Sources/dma.o
 .group         0x00000000        0x8 ./Sources/dma.o
 .group         0x00000000        0x8 ./Sources/dma.o
 .group         0x00000000        0x8 ./Sources/dma.o
 .group         0x00000000        0x8 ./Sources/dma.o
 .group         0x00000000        0x8 ./Sources/dma.o
 .group         0x00000000        0x8 ./Sources/dma.o
 .group         0x00000000        0x8 ./Sources/dma.o
 .group         0x00000000        0x8 ./Sources/dma.o
 .group         0x00000000        0x8 ./Sources/dma.o
 .group         0x00000000        0x8 ./Sources/dma.o
 .group         0x00000000        0x8 ./Sources/dma.o
 .group         0x00000000        0x8 ./Sources/dma.o
 .group         0x00000000        0x8 ./Sources/dma.o
 .group         0x00000000        0x8 ./Sources/dma.o
 .group         0x00000000        0x8 ./Sources/dma.o
 .group         0x00000000        0x8 ./Sources/dma.o
 .group         0x00000000        0x8 ./Sources/dma.o
 .group         0x00000000        0x8 ./Sources/dma.o
 .group         0x00000000        0x8 ./Sources/dma.o
 .group         0x00000000        0x8 ./Sources/dma.o
 .group         0x00000000        0x8 ./Sources/dma.o
 .group         0x00000000        0x8 ./Sources/dma.o
 .group         0x00000000        0x8 ./Sources/dma.o
 .group         0x00000000        0x8 ./Sources/dma.o
 .group         0x00000000        0x8 ./Sources/dma.o
 .group         0x00000000        0x8 ./Sources/dma.o
 .group         0x00000000        0x8 ./Sources/dma.o
 .text          0x00000000        0x0 ./Sources/dma.o
 .data          0x00000000        0x0 ./Sources/dma.o
 .bss           0x00000000        0x0 ./Sources/dma.o
 COMMON         0x00000000        0x1 ./Sources/dma.o
 .group         0x00000000        0x8 ./Sources/main.o
 .group         0x00000000        0x8 ./Sources/main.o
 .group         0x00000000        0x8 ./Sources/main.o
 .group         0x00000000        0x8 ./Sources/main.o
 .group         0x00000000        0x8 ./Sources/main.o
 .group         0x00000000        0x8 ./Sources/main.o
 .group         0x00000000        0x8 ./Sources/main.o
 .group         0x00000000        0x8 ./Sources/main.o
 .group         0x00000000        0x8 ./Sources/main.o
 .group         0x00000000        0x8 ./Sources/main.o
 .group         0x00000000        0x8 ./Sources/main.o
 .group         0x00000000        0x8 ./Sources/main.o
 .group         0x00000000        0x8 ./Sources/main.o
 .group         0x00000000        0x8 ./Sources/main.o
 .group         0x00000000        0x8 ./Sources/main.o
 .group         0x00000000        0x8 ./Sources/main.o
 .group         0x00000000        0x8 ./Sources/main.o
 .group         0x00000000        0x8 ./Sources/main.o
 .group         0x00000000        0x8 ./Sources/main.o
 .group         0x00000000        0x8 ./Sources/main.o
 .group         0x00000000        0x8 ./Sources/main.o
 .group         0x00000000        0x8 ./Sources/main.o
 .group         0x00000000        0x8 ./Sources/main.o
 .group         0x00000000        0x8 ./Sources/main.o
 .group         0x00000000        0x8 ./Sources/main.o
 .group         0x00000000        0x8 ./Sources/main.o
 .group         0x00000000        0x8 ./Sources/main.o
 .group         0x00000000        0x8 ./Sources/main.o
 .group         0x00000000        0x8 ./Sources/main.o
 .group         0x00000000        0x8 ./Sources/main.o
 .group         0x00000000        0x8 ./Sources/main.o
 .text          0x00000000        0x0 ./Sources/main.o
 .data          0x00000000        0x0 ./Sources/main.o
 .bss           0x00000000        0x0 ./Sources/main.o
 .bss.i         0x00000000        0x4 ./Sources/main.o
 .bss.count1    0x00000000        0x4 ./Sources/main.o
 .bss.count2    0x00000000        0x4 ./Sources/main.o
 .bss.diff_count
                0x00000000        0x4 ./Sources/main.o
 .debug_macro   0x00000000      0x802 ./Sources/main.o
 .debug_macro   0x00000000       0x58 ./Sources/main.o
 .debug_macro   0x00000000       0x16 ./Sources/main.o
 .debug_macro   0x00000000       0x35 ./Sources/main.o
 .debug_macro   0x00000000       0xa3 ./Sources/main.o
 .debug_macro   0x00000000       0x16 ./Sources/main.o
 .debug_macro   0x00000000       0x52 ./Sources/main.o
 .debug_macro   0x00000000       0x16 ./Sources/main.o
 .debug_macro   0x00000000       0x43 ./Sources/main.o
 .debug_macro   0x00000000      0x180 ./Sources/main.o
 .debug_macro   0x00000000       0x22 ./Sources/main.o
 .debug_macro   0x00000000       0x35 ./Sources/main.o
 .debug_macro   0x00000000       0x10 ./Sources/main.o
 .debug_macro   0x00000000       0x10 ./Sources/main.o
 .debug_macro   0x00000000       0x22 ./Sources/main.o
 .debug_macro   0x00000000       0xbd ./Sources/main.o
 .debug_macro   0x00000000       0x16 ./Sources/main.o
 .debug_macro   0x00000000      0x14a ./Sources/main.o
 .debug_macro   0x00000000       0x22 ./Sources/main.o
 .debug_macro   0x00000000       0x28 ./Sources/main.o
 .debug_macro   0x00000000       0x4c ./Sources/main.o
 .debug_macro   0x00000000       0x3a ./Sources/main.o
 .debug_macro   0x00000000       0x26 ./Sources/main.o
 .debug_macro   0x00000000      0x306 ./Sources/main.o
 .debug_macro   0x00000000       0x63 ./Sources/main.o
 .debug_macro   0x00000000     0x839f ./Sources/main.o
 COMMON         0x00000000        0x8 ./Sources/main.o
 .group         0x00000000        0x8 ./Sources/memory.o
 .group         0x00000000        0x8 ./Sources/memory.o
 .group         0x00000000        0x8 ./Sources/memory.o
 .group         0x00000000        0x8 ./Sources/memory.o
 .group         0x00000000        0x8 ./Sources/memory.o
 .group         0x00000000        0x8 ./Sources/memory.o
 .group         0x00000000        0x8 ./Sources/memory.o
 .group         0x00000000        0x8 ./Sources/memory.o
 .group         0x00000000        0x8 ./Sources/memory.o
 .group         0x00000000        0x8 ./Sources/memory.o
 .group         0x00000000        0x8 ./Sources/memory.o
 .group         0x00000000        0x8 ./Sources/memory.o
 .group         0x00000000        0x8 ./Sources/memory.o
 .group         0x00000000        0x8 ./Sources/memory.o
 .group         0x00000000        0x8 ./Sources/memory.o
 .group         0x00000000        0x8 ./Sources/memory.o
 .group         0x00000000        0x8 ./Sources/memory.o
 .group         0x00000000        0x8 ./Sources/memory.o
 .group         0x00000000        0x8 ./Sources/memory.o
 .group         0x00000000        0x8 ./Sources/memory.o
 .group         0x00000000        0x8 ./Sources/memory.o
 .group         0x00000000        0x8 ./Sources/memory.o
 .group         0x00000000        0x8 ./Sources/memory.o
 .group         0x00000000        0x8 ./Sources/memory.o
 .group         0x00000000        0x8 ./Sources/memory.o
 .text          0x00000000        0x0 ./Sources/memory.o
 .data          0x00000000        0x0 ./Sources/memory.o
 .bss           0x00000000        0x0 ./Sources/memory.o
 .text.my_memmove
                0x00000000       0x9c ./Sources/memory.o
 .text.my_memcpy
                0x00000000       0x7c ./Sources/memory.o
 .text.my_memset
                0x00000000       0x1c ./Sources/memory.o
 .text.my_memzero
                0x00000000       0x1c ./Sources/memory.o
 .text.my_reverse
                0x00000000       0x28 ./Sources/memory.o
 .text.swap     0x00000000        0xc ./Sources/memory.o
 .text.reserve_words
                0x00000000        0xc ./Sources/memory.o
 .text.free_words
                0x00000000        0xc ./Sources/memory.o
 .debug_info    0x00000000      0x4b7 ./Sources/memory.o
 .debug_abbrev  0x00000000      0x240 ./Sources/memory.o
 .debug_loc     0x00000000      0x609 ./Sources/memory.o
 .debug_aranges
                0x00000000       0x58 ./Sources/memory.o
 .debug_ranges  0x00000000       0x60 ./Sources/memory.o
 .debug_macro   0x00000000      0x161 ./Sources/memory.o
 .debug_macro   0x00000000      0x802 ./Sources/memory.o
 .debug_macro   0x00000000       0x16 ./Sources/memory.o
 .debug_macro   0x00000000       0x44 ./Sources/memory.o
 .debug_macro   0x00000000      0x209 ./Sources/memory.o
 .debug_macro   0x00000000       0x58 ./Sources/memory.o
 .debug_macro   0x00000000       0x35 ./Sources/memory.o
 .debug_macro   0x00000000       0xa3 ./Sources/memory.o
 .debug_macro   0x00000000       0x16 ./Sources/memory.o
 .debug_macro   0x00000000       0x97 ./Sources/memory.o
 .debug_macro   0x00000000       0x10 ./Sources/memory.o
 .debug_macro   0x00000000       0xef ./Sources/memory.o
 .debug_macro   0x00000000       0x52 ./Sources/memory.o
 .debug_macro   0x00000000       0x16 ./Sources/memory.o
 .debug_macro   0x00000000       0x43 ./Sources/memory.o
 .debug_macro   0x00000000      0x180 ./Sources/memory.o
 .debug_macro   0x00000000       0x10 ./Sources/memory.o
 .debug_macro   0x00000000       0x22 ./Sources/memory.o
 .debug_macro   0x00000000       0xbd ./Sources/memory.o
 .debug_macro   0x00000000       0x16 ./Sources/memory.o
 .debug_macro   0x00000000      0x14a ./Sources/memory.o
 .debug_macro   0x00000000       0x16 ./Sources/memory.o
 .debug_macro   0x00000000       0x35 ./Sources/memory.o
 .debug_macro   0x00000000       0x22 ./Sources/memory.o
 .debug_macro   0x00000000       0x22 ./Sources/memory.o
 .debug_macro   0x00000000       0xde ./Sources/memory.o
 .debug_line    0x00000000      0x388 ./Sources/memory.o
 .debug_str     0x00000000     0x55d1 ./Sources/memory.o
 .comment       0x00000000       0x71 ./Sources/memory.o
 .ARM.attributes
                0x00000000       0x32 ./Sources/memory.o
 .debug_frame   0x00000000       0xdc ./Sources/memory.o
 .group         0x00000000        0x8 ./Sources/profiling.o
 .group         0x00000000        0x8 ./Sources/profiling.o
 .group         0x00000000        0x8 ./Sources/profiling.o
 .group         0x00000000        0x8 ./Sources/profiling.o
 .group         0x00000000        0x8 ./Sources/profiling.o
 .group         0x00000000        0x8 ./Sources/profiling.o
 .group         0x00000000        0x8 ./Sources/profiling.o
 .group         0x00000000        0x8 ./Sources/profiling.o
 .group         0x00000000        0x8 ./Sources/profiling.o
 .group         0x00000000        0x8 ./Sources/profiling.o
 .group         0x00000000        0x8 ./Sources/profiling.o
 .text          0x00000000        0x0 ./Sources/profiling.o
 .data          0x00000000        0x0 ./Sources/profiling.o
 .bss           0x00000000        0x0 ./Sources/profiling.o
 .text.NVIC_EnableIRQ
                0x00000000       0x2c ./Sources/profiling.o
 .text.TPM_init
                0x00000000       0x60 ./Sources/profiling.o
 .text.TPM_deinit
                0x00000000       0x20 ./Sources/profiling.o
 .debug_macro   0x00000000      0x802 ./Sources/profiling.o
 .debug_macro   0x00000000       0x16 ./Sources/profiling.o
 .debug_macro   0x00000000       0x44 ./Sources/profiling.o
 .debug_macro   0x00000000      0x209 ./Sources/profiling.o
 .debug_macro   0x00000000       0x3a ./Sources/profiling.o
 .debug_macro   0x00000000       0x26 ./Sources/profiling.o
 .debug_macro   0x00000000      0x306 ./Sources/profiling.o
 .debug_macro   0x00000000       0x63 ./Sources/profiling.o
 .debug_macro   0x00000000     0x839f ./Sources/profiling.o
 .data          0x00000000        0x0 ./Project_Settings/Startup_Code/startup_MKL25Z4.o
 .bss           0x00000000        0x0 ./Project_Settings/Startup_Code/startup_MKL25Z4.o
 .group         0x00000000        0x8 ./Project_Settings/Startup_Code/system_MKL25Z4.o
 .group         0x00000000        0x8 ./Project_Settings/Startup_Code/system_MKL25Z4.o
 .group         0x00000000        0x8 ./Project_Settings/Startup_Code/system_MKL25Z4.o
 .group         0x00000000        0x8 ./Project_Settings/Startup_Code/system_MKL25Z4.o
 .group         0x00000000        0x8 ./Project_Settings/Startup_Code/system_MKL25Z4.o
 .group         0x00000000        0x8 ./Project_Settings/Startup_Code/system_MKL25Z4.o
 .group         0x00000000        0x8 ./Project_Settings/Startup_Code/system_MKL25Z4.o
 .group         0x00000000        0x8 ./Project_Settings/Startup_Code/system_MKL25Z4.o
 .group         0x00000000        0x8 ./Project_Settings/Startup_Code/system_MKL25Z4.o
 .group         0x00000000        0x8 ./Project_Settings/Startup_Code/system_MKL25Z4.o
 .text          0x00000000        0x0 ./Project_Settings/Startup_Code/system_MKL25Z4.o
 .data          0x00000000        0x0 ./Project_Settings/Startup_Code/system_MKL25Z4.o
 .bss           0x00000000        0x0 ./Project_Settings/Startup_Code/system_MKL25Z4.o
 .text.SystemCoreClockUpdate
                0x00000000      0x150 ./Project_Settings/Startup_Code/system_MKL25Z4.o
 .data.SystemCoreClock
                0x00000000        0x4 ./Project_Settings/Startup_Code/system_MKL25Z4.o
 .debug_macro   0x00000000      0x802 ./Project_Settings/Startup_Code/system_MKL25Z4.o
 .debug_macro   0x00000000       0x16 ./Project_Settings/Startup_Code/system_MKL25Z4.o
 .debug_macro   0x00000000       0x44 ./Project_Settings/Startup_Code/system_MKL25Z4.o
 .debug_macro   0x00000000      0x209 ./Project_Settings/Startup_Code/system_MKL25Z4.o
 .debug_macro   0x00000000       0x4c ./Project_Settings/Startup_Code/system_MKL25Z4.o
 .debug_macro   0x00000000       0x3a ./Project_Settings/Startup_Code/system_MKL25Z4.o
 .debug_macro   0x00000000       0x26 ./Project_Settings/Startup_Code/system_MKL25Z4.o
 .debug_macro   0x00000000      0x306 ./Project_Settings/Startup_Code/system_MKL25Z4.o
 .debug_macro   0x00000000       0x63 ./Project_Settings/Startup_Code/system_MKL25Z4.o
 .debug_macro   0x00000000     0x839f ./Project_Settings/Startup_Code/system_MKL25Z4.o
 .text          0x00000000       0x9c /opt/Freescale/KDS_v3/toolchain/bin/../lib/gcc/arm-none-eabi/4.8.4/armv6-m/libgcc.a(_udivsi3.o)
 .data          0x00000000        0x0 /opt/Freescale/KDS_v3/toolchain/bin/../lib/gcc/arm-none-eabi/4.8.4/armv6-m/libgcc.a(_udivsi3.o)
 .bss           0x00000000        0x0 /opt/Freescale/KDS_v3/toolchain/bin/../lib/gcc/arm-none-eabi/4.8.4/armv6-m/libgcc.a(_udivsi3.o)
 .debug_frame   0x00000000       0x20 /opt/Freescale/KDS_v3/toolchain/bin/../lib/gcc/arm-none-eabi/4.8.4/armv6-m/libgcc.a(_udivsi3.o)
 .ARM.attributes
                0x00000000       0x1e /opt/Freescale/KDS_v3/toolchain/bin/../lib/gcc/arm-none-eabi/4.8.4/armv6-m/libgcc.a(_udivsi3.o)
 .text          0x00000000        0x4 /opt/Freescale/KDS_v3/toolchain/bin/../lib/gcc/arm-none-eabi/4.8.4/armv6-m/libgcc.a(_dvmd_tls.o)
 .data          0x00000000        0x0 /opt/Freescale/KDS_v3/toolchain/bin/../lib/gcc/arm-none-eabi/4.8.4/armv6-m/libgcc.a(_dvmd_tls.o)
 .bss           0x00000000        0x0 /opt/Freescale/KDS_v3/toolchain/bin/../lib/gcc/arm-none-eabi/4.8.4/armv6-m/libgcc.a(_dvmd_tls.o)
 .ARM.attributes
                0x00000000       0x1e /opt/Freescale/KDS_v3/toolchain/bin/../lib/gcc/arm-none-eabi/4.8.4/armv6-m/libgcc.a(_dvmd_tls.o)
 .text          0x00000000        0x0 /opt/Freescale/KDS_v3/toolchain/bin/../lib/gcc/arm-none-eabi/4.8.4/../../../../arm-none-eabi/lib/armv6-m/libg_s.a(lib_a-exit.o)
 .data          0x00000000        0x0 /opt/Freescale/KDS_v3/toolchain/bin/../lib/gcc/arm-none-eabi/4.8.4/../../../../arm-none-eabi/lib/armv6-m/libg_s.a(lib_a-exit.o)
 .bss           0x00000000        0x0 /opt/Freescale/KDS_v3/toolchain/bin/../lib/gcc/arm-none-eabi/4.8.4/../../../../arm-none-eabi/lib/armv6-m/libg_s.a(lib_a-exit.o)
 .text          0x00000000        0x0 /opt/Freescale/KDS_v3/toolchain/bin/../lib/gcc/arm-none-eabi/4.8.4/../../../../arm-none-eabi/lib/armv6-m/libg_s.a(lib_a-impure.o)
 .data          0x00000000        0x0 /opt/Freescale/KDS_v3/toolchain/bin/../lib/gcc/arm-none-eabi/4.8.4/../../../../arm-none-eabi/lib/armv6-m/libg_s.a(lib_a-impure.o)
 .bss           0x00000000        0x0 /opt/Freescale/KDS_v3/toolchain/bin/../lib/gcc/arm-none-eabi/4.8.4/../../../../arm-none-eabi/lib/armv6-m/libg_s.a(lib_a-impure.o)
 .text          0x00000000        0x0 /opt/Freescale/KDS_v3/toolchain/bin/../lib/gcc/arm-none-eabi/4.8.4/../../../../arm-none-eabi/lib/armv6-m/libg_s.a(lib_a-init.o)
 .data          0x00000000        0x0 /opt/Freescale/KDS_v3/toolchain/bin/../lib/gcc/arm-none-eabi/4.8.4/../../../../arm-none-eabi/lib/armv6-m/libg_s.a(lib_a-init.o)
 .bss           0x00000000        0x0 /opt/Freescale/KDS_v3/toolchain/bin/../lib/gcc/arm-none-eabi/4.8.4/../../../../arm-none-eabi/lib/armv6-m/libg_s.a(lib_a-init.o)
 .text          0x00000000        0x0 /opt/Freescale/KDS_v3/toolchain/bin/../lib/gcc/arm-none-eabi/4.8.4/../../../../arm-none-eabi/lib/armv6-m/libg_s.a(lib_a-malloc.o)
 .data          0x00000000        0x0 /opt/Freescale/KDS_v3/toolchain/bin/../lib/gcc/arm-none-eabi/4.8.4/../../../../arm-none-eabi/lib/armv6-m/libg_s.a(lib_a-malloc.o)
 .bss           0x00000000        0x0 /opt/Freescale/KDS_v3/toolchain/bin/../lib/gcc/arm-none-eabi/4.8.4/../../../../arm-none-eabi/lib/armv6-m/libg_s.a(lib_a-malloc.o)
 .text          0x00000000        0x0 /opt/Freescale/KDS_v3/toolchain/bin/../lib/gcc/arm-none-eabi/4.8.4/../../../../arm-none-eabi/lib/armv6-m/libg_s.a(lib_a-memset.o)
 .data          0x00000000        0x0 /opt/Freescale/KDS_v3/toolchain/bin/../lib/gcc/arm-none-eabi/4.8.4/../../../../arm-none-eabi/lib/armv6-m/libg_s.a(lib_a-memset.o)
 .bss           0x00000000        0x0 /opt/Freescale/KDS_v3/toolchain/bin/../lib/gcc/arm-none-eabi/4.8.4/../../../../arm-none-eabi/lib/armv6-m/libg_s.a(lib_a-memset.o)
 .text          0x00000000        0x0 /opt/Freescale/KDS_v3/toolchain/bin/../lib/gcc/arm-none-eabi/4.8.4/../../../../arm-none-eabi/lib/armv6-m/libg_s.a(lib_a-nano-freer.o)
 .data          0x00000000        0x0 /opt/Freescale/KDS_v3/toolchain/bin/../lib/gcc/arm-none-eabi/4.8.4/../../../../arm-none-eabi/lib/armv6-m/libg_s.a(lib_a-nano-freer.o)
 .bss           0x00000000        0x0 /opt/Freescale/KDS_v3/toolchain/bin/../lib/gcc/arm-none-eabi/4.8.4/../../../../arm-none-eabi/lib/armv6-m/libg_s.a(lib_a-nano-freer.o)
 .text          0x00000000        0x0 /opt/Freescale/KDS_v3/toolchain/bin/../lib/gcc/arm-none-eabi/4.8.4/../../../../arm-none-eabi/lib/armv6-m/libg_s.a(lib_a-nano-mallocr.o)
 .data          0x00000000        0x0 /opt/Freescale/KDS_v3/toolchain/bin/../lib/gcc/arm-none-eabi/4.8.4/../../../../arm-none-eabi/lib/armv6-m/libg_s.a(lib_a-nano-mallocr.o)
 .bss           0x00000000        0x0 /opt/Freescale/KDS_v3/toolchain/bin/../lib/gcc/arm-none-eabi/4.8.4/../../../../arm-none-eabi/lib/armv6-m/libg_s.a(lib_a-nano-mallocr.o)
 .text          0x00000000        0x0 /opt/Freescale/KDS_v3/toolchain/bin/../lib/gcc/arm-none-eabi/4.8.4/../../../../arm-none-eabi/lib/armv6-m/libg_s.a(lib_a-sbrkr.o)
 .data          0x00000000        0x0 /opt/Freescale/KDS_v3/toolchain/bin/../lib/gcc/arm-none-eabi/4.8.4/../../../../arm-none-eabi/lib/armv6-m/libg_s.a(lib_a-sbrkr.o)
 .bss           0x00000000        0x0 /opt/Freescale/KDS_v3/toolchain/bin/../lib/gcc/arm-none-eabi/4.8.4/../../../../arm-none-eabi/lib/armv6-m/libg_s.a(lib_a-sbrkr.o)
 .text          0x00000000        0x0 /opt/Freescale/KDS_v3/toolchain/bin/../lib/gcc/arm-none-eabi/4.8.4/../../../../arm-none-eabi/lib/armv6-m/libg_s.a(lib_a-reent.o)
 .data          0x00000000        0x0 /opt/Freescale/KDS_v3/toolchain/bin/../lib/gcc/arm-none-eabi/4.8.4/../../../../arm-none-eabi/lib/armv6-m/libg_s.a(lib_a-reent.o)
 .bss           0x00000000        0x0 /opt/Freescale/KDS_v3/toolchain/bin/../lib/gcc/arm-none-eabi/4.8.4/../../../../arm-none-eabi/lib/armv6-m/libg_s.a(lib_a-reent.o)
 .text.cleanup_glue
                0x00000000       0x1a /opt/Freescale/KDS_v3/toolchain/bin/../lib/gcc/arm-none-eabi/4.8.4/../../../../arm-none-eabi/lib/armv6-m/libg_s.a(lib_a-reent.o)
 .text._reclaim_reent
                0x00000000       0xcc /opt/Freescale/KDS_v3/toolchain/bin/../lib/gcc/arm-none-eabi/4.8.4/../../../../arm-none-eabi/lib/armv6-m/libg_s.a(lib_a-reent.o)
 .text          0x00000000        0x0 /opt/Freescale/KDS_v3/toolchain/bin/../lib/gcc/arm-none-eabi/4.8.4/../../../../arm-none-eabi/lib/armv6-m/libnosys.a(sbrk.o)
 .data          0x00000000        0x0 /opt/Freescale/KDS_v3/toolchain/bin/../lib/gcc/arm-none-eabi/4.8.4/../../../../arm-none-eabi/lib/armv6-m/libnosys.a(sbrk.o)
 .bss           0x00000000        0x0 /opt/Freescale/KDS_v3/toolchain/bin/../lib/gcc/arm-none-eabi/4.8.4/../../../../arm-none-eabi/lib/armv6-m/libnosys.a(sbrk.o)
 .text          0x00000000        0x0 /opt/Freescale/KDS_v3/toolchain/bin/../lib/gcc/arm-none-eabi/4.8.4/../../../../arm-none-eabi/lib/armv6-m/libnosys.a(_exit.o)
 .data          0x00000000        0x0 /opt/Freescale/KDS_v3/toolchain/bin/../lib/gcc/arm-none-eabi/4.8.4/../../../../arm-none-eabi/lib/armv6-m/libnosys.a(_exit.o)
 .bss           0x00000000        0x0 /opt/Freescale/KDS_v3/toolchain/bin/../lib/gcc/arm-none-eabi/4.8.4/../../../../arm-none-eabi/lib/armv6-m/libnosys.a(_exit.o)
 .text          0x00000000        0x0 /opt/Freescale/KDS_v3/toolchain/bin/../lib/gcc/arm-none-eabi/4.8.4/armv6-m/crtend.o
 .data          0x00000000        0x0 /opt/Freescale/KDS_v3/toolchain/bin/../lib/gcc/arm-none-eabi/4.8.4/armv6-m/crtend.o
 .bss           0x00000000        0x0 /opt/Freescale/KDS_v3/toolchain/bin/../lib/gcc/arm-none-eabi/4.8.4/armv6-m/crtend.o
 .eh_frame      0x00000000        0x4 /opt/Freescale/KDS_v3/toolchain/bin/../lib/gcc/arm-none-eabi/4.8.4/armv6-m/crtend.o
 .text          0x00000000        0x0 /opt/Freescale/KDS_v3/toolchain/bin/../lib/gcc/arm-none-eabi/4.8.4/armv6-m/crtn.o
 .data          0x00000000        0x0 /opt/Freescale/KDS_v3/toolchain/bin/../lib/gcc/arm-none-eabi/4.8.4/armv6-m/crtn.o
 .bss           0x00000000        0x0 /opt/Freescale/KDS_v3/toolchain/bin/../lib/gcc/arm-none-eabi/4.8.4/armv6-m/crtn.o

Memory Configuration

Name             Origin             Length             Attributes
m_interrupts     0x00000000         0x00000100         xr
m_flash_config   0x00000400         0x00000010         xr
m_text           0x00000410         0x0001fbf0         xr
m_data           0x1ffff000         0x00004000         rw
*default*        0x00000000         0xffffffff

Linker script and memory map

LOAD /opt/Freescale/KDS_v3/toolchain/bin/../lib/gcc/arm-none-eabi/4.8.4/armv6-m/crti.o
LOAD /opt/Freescale/KDS_v3/toolchain/bin/../lib/gcc/arm-none-eabi/4.8.4/armv6-m/crtbegin.o
LOAD /opt/Freescale/KDS_v3/toolchain/bin/../lib/gcc/arm-none-eabi/4.8.4/../../../../arm-none-eabi/lib/armv6-m/crt0.o
LOAD ./Sources/dma.o
LOAD ./Sources/main.o
LOAD ./Sources/memory.o
LOAD ./Sources/profiling.o
LOAD ./Project_Settings/Startup_Code/startup_MKL25Z4.o
LOAD ./Project_Settings/Startup_Code/system_MKL25Z4.o
LOAD /opt/Freescale/KDS_v3/toolchain/bin/../lib/gcc/arm-none-eabi/4.8.4/../../../../arm-none-eabi/lib/armv6-m/libstdc++_s.a
LOAD /opt/Freescale/KDS_v3/toolchain/bin/../lib/gcc/arm-none-eabi/4.8.4/../../../../arm-none-eabi/lib/armv6-m/libm.a
START GROUP
LOAD /opt/Freescale/KDS_v3/toolchain/bin/../lib/gcc/arm-none-eabi/4.8.4/armv6-m/libgcc.a
LOAD /opt/Freescale/KDS_v3/toolchain/bin/../lib/gcc/arm-none-eabi/4.8.4/../../../../arm-none-eabi/lib/armv6-m/libg_s.a
LOAD /opt/Freescale/KDS_v3/toolchain/bin/../lib/gcc/arm-none-eabi/4.8.4/../../../../arm-none-eabi/lib/armv6-m/libc_s.a
END GROUP
START GROUP
LOAD /opt/Freescale/KDS_v3/toolchain/bin/../lib/gcc/arm-none-eabi/4.8.4/armv6-m/libgcc.a
LOAD /opt/Freescale/KDS_v3/toolchain/bin/../lib/gcc/arm-none-eabi/4.8.4/../../../../arm-none-eabi/lib/armv6-m/libc_s.a
LOAD /opt/Freescale/KDS_v3/toolchain/bin/../lib/gcc/arm-none-eabi/4.8.4/../../../../arm-none-eabi/lib/armv6-m/libnosys.a
END GROUP
START GROUP
LOAD /opt/Freescale/KDS_v3/toolchain/bin/../lib/gcc/arm-none-eabi/4.8.4/armv6-m/libgcc.a
LOAD /opt/Freescale/KDS_v3/toolchain/bin/../lib/gcc/arm-none-eabi/4.8.4/../../../../arm-none-eabi/lib/armv6-m/libc_s.a
LOAD /opt/Freescale/KDS_v3/toolchain/bin/../lib/gcc/arm-none-eabi/4.8.4/../../../../arm-none-eabi/lib/armv6-m/libnosys.a
END GROUP
LOAD /opt/Freescale/KDS_v3/toolchain/bin/../lib/gcc/arm-none-eabi/4.8.4/armv6-m/crtend.o
LOAD /opt/Freescale/KDS_v3/toolchain/bin/../lib/gcc/arm-none-eabi/4.8.4/armv6-m/crtn.o
                0x00002800                HEAP_SIZE = DEFINED (__heap_size__)?__heap_size__:0x2800
                0x00000400                STACK_SIZE = DEFINED (__stack_size__)?__stack_size__:0x400

.interrupts     0x00000000       0xc0
                0x00000000                __VECTOR_TABLE = .
                0x00000000                . = ALIGN (0x4)
 *(.isr_vector)
 .isr_vector    0x00000000       0xc0 ./Project_Settings/Startup_Code/startup_MKL25Z4.o
                0x00000000                __isr_vector
                0x000000c0                . = ALIGN (0x4)

.flash_config   0x00000400       0x10
                0x00000400                . = ALIGN (0x4)
 *(.FlashConfig)
 .FlashConfig   0x00000400       0x10 ./Project_Settings/Startup_Code/startup_MKL25Z4.o
                0x00000410                . = ALIGN (0x4)

.text           0x00000410      0xa2c
                0x00000410                . = ALIGN (0x4)
 *(.text)
 .text          0x00000410       0x60 /opt/Freescale/KDS_v3/toolchain/bin/../lib/gcc/arm-none-eabi/4.8.4/armv6-m/crtbegin.o
 .text          0x00000470       0x78 /opt/Freescale/KDS_v3/toolchain/bin/../lib/gcc/arm-none-eabi/4.8.4/../../../../arm-none-eabi/lib/armv6-m/crt0.o
                0x00000470                _mainCRTStartup
                0x00000470                _start
 .text          0x000004e8       0x34 ./Project_Settings/Startup_Code/startup_MKL25Z4.o
                0x000004e8                Reset_Handler
                0x00000514                I2C0_IRQHandler
                0x00000514                HardFault_Handler
                0x00000514                SysTick_Handler
                0x00000514                PendSV_Handler
                0x00000514                NMI_Handler
                0x00000514                I2C1_IRQHandler
                0x00000514                UART1_IRQHandler
                0x00000514                DMA2_IRQHandler
                0x00000514                TPM0_IRQHandler
                0x00000514                LLWU_IRQHandler
                0x00000514                TSI0_IRQHandler
                0x00000514                UART0_IRQHandler
                0x00000514                ADC0_IRQHandler
                0x00000514                Reserved39_IRQHandler
                0x00000514                SPI1_IRQHandler
                0x00000514                DefaultISR
                0x00000514                PORTD_IRQHandler
                0x00000514                RTC_IRQHandler
                0x00000514                RTC_Seconds_IRQHandler
                0x00000514                MCG_IRQHandler
                0x00000514                UART2_IRQHandler
                0x00000514                Reserved20_IRQHandler
                0x00000514                USB0_IRQHandler
                0x00000514                PIT_IRQHandler
                0x00000514                SVC_Handler
                0x00000514                DMA3_IRQHandler
                0x00000514                DAC0_IRQHandler
                0x00000514                Reserved45_IRQHandler
                0x00000514                TPM1_IRQHandler
                0x00000514                LVD_LVW_IRQHandler
                0x00000514                SPI0_IRQHandler
                0x00000514                PORTA_IRQHandler
                0x00000514                FTFA_IRQHandler
                0x00000514                LPTMR0_IRQHandler
                0x00000514                CMP0_IRQHandler
                0x00000514                DMA1_IRQHandler
 *(.text*)
 .text.NVIC_EnableIRQ
                0x0000051c       0x2c ./Sources/dma.o
 .text.DMA_config
                0x00000548       0xb8 ./Sources/dma.o
                0x00000548                DMA_config
 .text.DMA_SINC_mask_set
                0x00000600       0x2c ./Sources/dma.o
                0x00000600                DMA_SINC_mask_set
 .text.DMA_maskset
                0x0000062c       0xc4 ./Sources/dma.o
                0x0000062c                DMA_maskset
 .text.DMA_start
                0x000006f0       0x30 ./Sources/dma.o
                0x000006f0                DMA_start
 .text.memmove_DMA
                0x00000720      0x140 ./Sources/dma.o
                0x00000720                memmove_DMA
 .text.memset_DMA
                0x00000860       0x54 ./Sources/dma.o
                0x00000860                memset_DMA
 .text.DMA0_IRQHandler
                0x000008b4       0x2c ./Sources/dma.o
                0x000008b4                DMA0_IRQHandler
 .text.main     0x000008e0       0x48 ./Sources/main.o
                0x000008e0                main
 .text.test_memmove1
                0x00000928       0xa4 ./Sources/main.o
                0x00000928                test_memmove1
 .text.test_memmove2
                0x000009cc       0x9c ./Sources/main.o
                0x000009cc                test_memmove2
 .text.test_memmove3
                0x00000a68       0x9c ./Sources/main.o
                0x00000a68                test_memmove3
 .text.test_memset
                0x00000b04       0x9c ./Sources/main.o
                0x00000b04                test_memset
 .text.TPM2_IRQHandler
                0x00000ba0       0x28 ./Sources/profiling.o
                0x00000ba0                TPM2_IRQHandler
 .text.SystemInit
                0x00000bc8       0x10 ./Project_Settings/Startup_Code/system_MKL25Z4.o
                0x00000bc8                SystemInit
 .text.exit     0x00000bd8       0x2c /opt/Freescale/KDS_v3/toolchain/bin/../lib/gcc/arm-none-eabi/4.8.4/../../../../arm-none-eabi/lib/armv6-m/libg_s.a(lib_a-exit.o)
                0x00000bd8                exit
 .text.__libc_init_array
                0x00000c04       0x4c /opt/Freescale/KDS_v3/toolchain/bin/../lib/gcc/arm-none-eabi/4.8.4/../../../../arm-none-eabi/lib/armv6-m/libg_s.a(lib_a-init.o)
                0x00000c04                __libc_init_array
 .text.malloc   0x00000c50       0x14 /opt/Freescale/KDS_v3/toolchain/bin/../lib/gcc/arm-none-eabi/4.8.4/../../../../arm-none-eabi/lib/armv6-m/libg_s.a(lib_a-malloc.o)
                0x00000c50                malloc
 .text.free     0x00000c64       0x14 /opt/Freescale/KDS_v3/toolchain/bin/../lib/gcc/arm-none-eabi/4.8.4/../../../../arm-none-eabi/lib/armv6-m/libg_s.a(lib_a-malloc.o)
                0x00000c64                free
 .text.memset   0x00000c78       0x10 /opt/Freescale/KDS_v3/toolchain/bin/../lib/gcc/arm-none-eabi/4.8.4/../../../../arm-none-eabi/lib/armv6-m/libg_s.a(lib_a-memset.o)
                0x00000c78                memset
 .text._free_r  0x00000c88       0x90 /opt/Freescale/KDS_v3/toolchain/bin/../lib/gcc/arm-none-eabi/4.8.4/../../../../arm-none-eabi/lib/armv6-m/libg_s.a(lib_a-nano-freer.o)
                0x00000c88                _free_r
 .text._malloc_r
                0x00000d18       0xa8 /opt/Freescale/KDS_v3/toolchain/bin/../lib/gcc/arm-none-eabi/4.8.4/../../../../arm-none-eabi/lib/armv6-m/libg_s.a(lib_a-nano-mallocr.o)
                0x00000d18                _malloc_r
 .text._sbrk_r  0x00000dc0       0x24 /opt/Freescale/KDS_v3/toolchain/bin/../lib/gcc/arm-none-eabi/4.8.4/../../../../arm-none-eabi/lib/armv6-m/libg_s.a(lib_a-sbrkr.o)
                0x00000dc0                _sbrk_r
 .text._sbrk    0x00000de4       0x34 /opt/Freescale/KDS_v3/toolchain/bin/../lib/gcc/arm-none-eabi/4.8.4/../../../../arm-none-eabi/lib/armv6-m/libnosys.a(sbrk.o)
                0x00000de4                _sbrk
 .text._exit    0x00000e18        0x4 /opt/Freescale/KDS_v3/toolchain/bin/../lib/gcc/arm-none-eabi/4.8.4/../../../../arm-none-eabi/lib/armv6-m/libnosys.a(_exit.o)
                0x00000e18                _exit
 *(.rodata)
 *(.rodata*)
 .rodata.str1.1
                0x00000e1c        0x2 /opt/Freescale/KDS_v3/toolchain/bin/../lib/gcc/arm-none-eabi/4.8.4/../../../../arm-none-eabi/lib/armv6-m/libg_s.a(lib_a-impure.o)
 *fill*         0x00000e1e        0x2 
 .rodata._global_impure_ptr
                0x00000e20        0x4 /opt/Freescale/KDS_v3/toolchain/bin/../lib/gcc/arm-none-eabi/4.8.4/../../../../arm-none-eabi/lib/armv6-m/libg_s.a(lib_a-impure.o)
                0x00000e20                _global_impure_ptr
 *(.glue_7)
 .glue_7        0x00000000        0x0 linker stubs
 *(.glue_7t)
 .glue_7t       0x00000000        0x0 linker stubs
 *(.eh_frame)
 .eh_frame      0x00000e24        0x0 /opt/Freescale/KDS_v3/toolchain/bin/../lib/gcc/arm-none-eabi/4.8.4/armv6-m/crtbegin.o
 *(.init)
 .init          0x00000e24        0x4 /opt/Freescale/KDS_v3/toolchain/bin/../lib/gcc/arm-none-eabi/4.8.4/armv6-m/crti.o
                0x00000e24                _init
 .init          0x00000e28        0x8 /opt/Freescale/KDS_v3/toolchain/bin/../lib/gcc/arm-none-eabi/4.8.4/armv6-m/crtn.o
 *(.fini)
 .fini          0x00000e30        0x4 /opt/Freescale/KDS_v3/toolchain/bin/../lib/gcc/arm-none-eabi/4.8.4/armv6-m/crti.o
                0x00000e30                _fini
 .fini          0x00000e34        0x8 /opt/Freescale/KDS_v3/toolchain/bin/../lib/gcc/arm-none-eabi/4.8.4/armv6-m/crtn.o
                0x00000e3c                . = ALIGN (0x4)

.vfp11_veneer   0x00000e3c        0x0
 .vfp11_veneer  0x00000000        0x0 linker stubs

.v4_bx          0x00000e3c        0x0
 .v4_bx         0x00000000        0x0 linker stubs

.iplt           0x00000e3c        0x0
 .iplt          0x00000000        0x0 /opt/Freescale/KDS_v3/toolchain/bin/../lib/gcc/arm-none-eabi/4.8.4/armv6-m/crtbegin.o

.ARM.extab
 *(.ARM.extab* .gnu.linkonce.armextab.*)

.ARM            0x00000e3c        0x8
                0x00000e3c                __exidx_start = .
 *(.ARM.exidx*)
 .ARM.exidx     0x00000e3c        0x8 /opt/Freescale/KDS_v3/toolchain/bin/../lib/gcc/arm-none-eabi/4.8.4/../../../../arm-none-eabi/lib/armv6-m/crt0.o
                0x00000e44                __exidx_end = .

.rel.dyn        0x00000e44        0x0
 .rel.iplt      0x00000000        0x0 /opt/Freescale/KDS_v3/toolchain/bin/../lib/gcc/arm-none-eabi/4.8.4/armv6-m/crtbegin.o

.ctors          0x00000e44        0x0
                0x00000e44                __CTOR_LIST__ = .
 *crtbegin.o(.ctors)
 *crtbegin?.o(.ctors)
 *(EXCLUDE_FILE(*crtend.o *crtend?.o) .ctors)
 *(SORT(.ctors.*))
 *(.ctors)
                0x00000e44                __CTOR_END__ = .

.dtors          0x00000e44        0x0
                0x00000e44                __DTOR_LIST__ = .
 *crtbegin.o(.dtors)
 *crtbegin?.o(.dtors)
 *(EXCLUDE_FILE(*crtend.o *crtend?.o) .dtors)
 *(SORT(.dtors.*))
 *(.dtors)
                0x00000e44                __DTOR_END__ = .

.preinit_array  0x00000e44        0x0
                0x00000e44                PROVIDE (__preinit_array_start, .)
 *(.preinit_array*)
                0x00000e44                PROVIDE (__preinit_array_end, .)

.init_array     0x00000e44        0x4
                0x00000e44                PROVIDE (__init_array_start, .)
 *(SORT(.init_array.*))
 *(.init_array*)
 .init_array    0x00000e44        0x4 /opt/Freescale/KDS_v3/toolchain/bin/../lib/gcc/arm-none-eabi/4.8.4/armv6-m/crtbegin.o
                0x00000e48                PROVIDE (__init_array_end, .)

.fini_array     0x00000e48        0x4
                0x00000e48                PROVIDE (__fini_array_start, .)
 *(SORT(.fini_array.*))
 *(.fini_array*)
 .fini_array    0x00000e48        0x4 /opt/Freescale/KDS_v3/toolchain/bin/../lib/gcc/arm-none-eabi/4.8.4/armv6-m/crtbegin.o
                0x00000e4c                PROVIDE (__fini_array_end, .)
                0x00000e4c                __etext = .
                0x00000e4c                __DATA_ROM = .

.mtb            0x1ffff000        0x0
                0x1ffff000                . = ALIGN (0x8)
                0x1ffff000                _mtb_start = .
 *(.mtb_buf)
                0x1ffff000                . = ALIGN (0x8)
                0x1ffff000                _mtb_end = .

.data           0x1ffff000       0x6c load address 0x00000e4c
                0x1ffff000                . = ALIGN (0x4)
                0x1ffff000                __DATA_RAM = .
                0x1ffff000                __data_start__ = .
 *(.data)
 *(.data*)
 .data.result1  0x1ffff000        0x1 ./Sources/main.o
                0x1ffff000                result1
 .data.result2  0x1ffff001        0x1 ./Sources/main.o
                0x1ffff001                result2
 .data.result3  0x1ffff002        0x1 ./Sources/main.o
                0x1ffff002                result3
 .data.result4  0x1ffff003        0x1 ./Sources/main.o
                0x1ffff003                result4
 .data.impure_data
                0x1ffff004       0x60 /opt/Freescale/KDS_v3/toolchain/bin/../lib/gcc/arm-none-eabi/4.8.4/../../../../arm-none-eabi/lib/armv6-m/libg_s.a(lib_a-impure.o)
 .data._impure_ptr
                0x1ffff064        0x4 /opt/Freescale/KDS_v3/toolchain/bin/../lib/gcc/arm-none-eabi/4.8.4/../../../../arm-none-eabi/lib/armv6-m/libg_s.a(lib_a-impure.o)
                0x1ffff064                _impure_ptr
 *(.jcr*)
 .jcr           0x1ffff068        0x0 /opt/Freescale/KDS_v3/toolchain/bin/../lib/gcc/arm-none-eabi/4.8.4/armv6-m/crtbegin.o
 .jcr           0x1ffff068        0x4 /opt/Freescale/KDS_v3/toolchain/bin/../lib/gcc/arm-none-eabi/4.8.4/armv6-m/crtend.o
                0x1ffff06c                . = ALIGN (0x4)
                0x1ffff06c                __data_end__ = .
                0x00000eb8                __DATA_END = (__DATA_ROM + (__data_end__ - __data_start__))

.igot.plt       0x1ffff06c        0x0 load address 0x00000eb8
 .igot.plt      0x00000000        0x0 /opt/Freescale/KDS_v3/toolchain/bin/../lib/gcc/arm-none-eabi/4.8.4/armv6-m/crtbegin.o

.bss            0x1ffff06c       0x34 load address 0x00000eb8
                0x1ffff06c                . = ALIGN (0x4)
                0x1ffff06c                __START_BSS = .
                0x1ffff06c                __bss_start__ = .
 *(.bss)
 .bss           0x1ffff06c       0x1c /opt/Freescale/KDS_v3/toolchain/bin/../lib/gcc/arm-none-eabi/4.8.4/armv6-m/crtbegin.o
 *(.bss*)
 .bss.g_Transfer_Done
                0x1ffff088        0x1 ./Sources/dma.o
                0x1ffff088                g_Transfer_Done
 *fill*         0x1ffff089        0x3 
 .bss.count_cycle
                0x1ffff08c        0x4 ./Sources/profiling.o
                0x1ffff08c                count_cycle
 .bss.__malloc_sbrk_start
                0x1ffff090        0x4 /opt/Freescale/KDS_v3/toolchain/bin/../lib/gcc/arm-none-eabi/4.8.4/../../../../arm-none-eabi/lib/armv6-m/libg_s.a(lib_a-nano-mallocr.o)
                0x1ffff090                __malloc_sbrk_start
 .bss.__malloc_free_list
                0x1ffff094        0x4 /opt/Freescale/KDS_v3/toolchain/bin/../lib/gcc/arm-none-eabi/4.8.4/../../../../arm-none-eabi/lib/armv6-m/libg_s.a(lib_a-nano-mallocr.o)
                0x1ffff094                __malloc_free_list
 .bss.heap_end.4246
                0x1ffff098        0x4 /opt/Freescale/KDS_v3/toolchain/bin/../lib/gcc/arm-none-eabi/4.8.4/../../../../arm-none-eabi/lib/armv6-m/libnosys.a(sbrk.o)
 *(COMMON)
 COMMON         0x1ffff09c        0x4 /opt/Freescale/KDS_v3/toolchain/bin/../lib/gcc/arm-none-eabi/4.8.4/../../../../arm-none-eabi/lib/armv6-m/libg_s.a(lib_a-reent.o)
                0x1ffff09c                errno
                0x1ffff0a0                . = ALIGN (0x4)
                0x1ffff0a0                __bss_end__ = .
                0x1ffff0a0                __END_BSS = .

.heap           0x1ffff0a0     0x2800 load address 0x00000eec
                0x1ffff0a0                . = ALIGN (0x8)
                0x1ffff0a0                __end__ = .
                0x1ffff0a0                PROVIDE (end, .)
                0x1ffff0a0                __HeapBase = .
                0x200018a0                . = (. + HEAP_SIZE)
 *fill*         0x1ffff0a0     0x2800 
                0x200018a0                __HeapLimit = .

.stack          0x200018a0      0x400 load address 0x000036ec
                0x200018a0                . = ALIGN (0x8)
                0x20001ca0                . = (. + STACK_SIZE)
 *fill*         0x200018a0      0x400 
                0x20003000                __StackTop = (ORIGIN (m_data) + 0x4000)
                0x20002c00                __StackLimit = (__StackTop - STACK_SIZE)
                0x20003000                PROVIDE (__stack, __StackTop)

.ARM.attributes
                0x00000000       0x28
 *(.ARM.attributes)
 .ARM.attributes
                0x00000000       0x1e /opt/Freescale/KDS_v3/toolchain/bin/../lib/gcc/arm-none-eabi/4.8.4/armv6-m/crti.o
 .ARM.attributes
                0x0000001e       0x2c /opt/Freescale/KDS_v3/toolchain/bin/../lib/gcc/arm-none-eabi/4.8.4/armv6-m/crtbegin.o
 .ARM.attributes
                0x0000004a       0x1b /opt/Freescale/KDS_v3/toolchain/bin/../lib/gcc/arm-none-eabi/4.8.4/../../../../arm-none-eabi/lib/armv6-m/crt0.o
 .ARM.attributes
                0x00000065       0x32 ./Sources/dma.o
 .ARM.attributes
                0x00000097       0x32 ./Sources/main.o
 .ARM.attributes
                0x000000c9       0x32 ./Sources/profiling.o
 .ARM.attributes
                0x000000fb       0x1b ./Project_Settings/Startup_Code/startup_MKL25Z4.o
 .ARM.attributes
                0x00000116       0x32 ./Project_Settings/Startup_Code/system_MKL25Z4.o
 .ARM.attributes
                0x00000148       0x2c /opt/Freescale/KDS_v3/toolchain/bin/../lib/gcc/arm-none-eabi/4.8.4/../../../../arm-none-eabi/lib/armv6-m/libg_s.a(lib_a-exit.o)
 .ARM.attributes
                0x00000174       0x2c /opt/Freescale/KDS_v3/toolchain/bin/../lib/gcc/arm-none-eabi/4.8.4/../../../../arm-none-eabi/lib/armv6-m/libg_s.a(lib_a-impure.o)
 .ARM.attributes
                0x000001a0       0x2c /opt/Freescale/KDS_v3/toolchain/bin/../lib/gcc/arm-none-eabi/4.8.4/../../../../arm-none-eabi/lib/armv6-m/libg_s.a(lib_a-init.o)
 .ARM.attributes
                0x000001cc       0x2c /opt/Freescale/KDS_v3/toolchain/bin/../lib/gcc/arm-none-eabi/4.8.4/../../../../arm-none-eabi/lib/armv6-m/libg_s.a(lib_a-malloc.o)
 .ARM.attributes
                0x000001f8       0x2c /opt/Freescale/KDS_v3/toolchain/bin/../lib/gcc/arm-none-eabi/4.8.4/../../../../arm-none-eabi/lib/armv6-m/libg_s.a(lib_a-memset.o)
 .ARM.attributes
                0x00000224       0x2c /opt/Freescale/KDS_v3/toolchain/bin/../lib/gcc/arm-none-eabi/4.8.4/../../../../arm-none-eabi/lib/armv6-m/libg_s.a(lib_a-nano-freer.o)
 .ARM.attributes
                0x00000250       0x2c /opt/Freescale/KDS_v3/toolchain/bin/../lib/gcc/arm-none-eabi/4.8.4/../../../../arm-none-eabi/lib/armv6-m/libg_s.a(lib_a-nano-mallocr.o)
 .ARM.attributes
                0x0000027c       0x2c /opt/Freescale/KDS_v3/toolchain/bin/../lib/gcc/arm-none-eabi/4.8.4/../../../../arm-none-eabi/lib/armv6-m/libg_s.a(lib_a-sbrkr.o)
 .ARM.attributes
                0x000002a8       0x2c /opt/Freescale/KDS_v3/toolchain/bin/../lib/gcc/arm-none-eabi/4.8.4/../../../../arm-none-eabi/lib/armv6-m/libg_s.a(lib_a-reent.o)
 .ARM.attributes
                0x000002d4       0x2c /opt/Freescale/KDS_v3/toolchain/bin/../lib/gcc/arm-none-eabi/4.8.4/../../../../arm-none-eabi/lib/armv6-m/libnosys.a(sbrk.o)
 .ARM.attributes
                0x00000300       0x2c /opt/Freescale/KDS_v3/toolchain/bin/../lib/gcc/arm-none-eabi/4.8.4/../../../../arm-none-eabi/lib/armv6-m/libnosys.a(_exit.o)
 .ARM.attributes
                0x0000032c       0x2c /opt/Freescale/KDS_v3/toolchain/bin/../lib/gcc/arm-none-eabi/4.8.4/armv6-m/crtend.o
 .ARM.attributes
                0x00000358       0x1e /opt/Freescale/KDS_v3/toolchain/bin/../lib/gcc/arm-none-eabi/4.8.4/armv6-m/crtn.o
                0x00000001                ASSERT ((__StackLimit >= __HeapLimit), region m_data overflowed with stack and heap)
OUTPUT(Proj3-Memory.elf elf32-littlearm)

.debug_info     0x00000000     0x1531
 .debug_info    0x00000000      0x77a ./Sources/dma.o
 .debug_info    0x0000077a      0x36d ./Sources/main.o
 .debug_info    0x00000ae7      0x5ca ./Sources/profiling.o
 .debug_info    0x000010b1       0x91 ./Project_Settings/Startup_Code/startup_MKL25Z4.o
 .debug_info    0x00001142      0x3ef ./Project_Settings/Startup_Code/system_MKL25Z4.o

.debug_abbrev   0x00000000      0x52f
 .debug_abbrev  0x00000000      0x1fa ./Sources/dma.o
 .debug_abbrev  0x000001fa       0xd6 ./Sources/main.o
 .debug_abbrev  0x000002d0      0x142 ./Sources/profiling.o
 .debug_abbrev  0x00000412       0x14 ./Project_Settings/Startup_Code/startup_MKL25Z4.o
 .debug_abbrev  0x00000426      0x109 ./Project_Settings/Startup_Code/system_MKL25Z4.o

.debug_aranges  0x00000000      0x118
 .debug_aranges
                0x00000000       0x58 ./Sources/dma.o
 .debug_aranges
                0x00000058       0x40 ./Sources/main.o
 .debug_aranges
                0x00000098       0x38 ./Sources/profiling.o
 .debug_aranges
                0x000000d0       0x20 ./Project_Settings/Startup_Code/startup_MKL25Z4.o
 .debug_aranges
                0x000000f0       0x28 ./Project_Settings/Startup_Code/system_MKL25Z4.o

.debug_ranges   0x00000000       0xb8
 .debug_ranges  0x00000000       0x48 ./Sources/dma.o
 .debug_ranges  0x00000048       0x30 ./Sources/main.o
 .debug_ranges  0x00000078       0x28 ./Sources/profiling.o
 .debug_ranges  0x000000a0       0x18 ./Project_Settings/Startup_Code/system_MKL25Z4.o

.debug_macro    0x00000000     0xa3ba
 .debug_macro   0x00000000      0x1ac ./Sources/dma.o
 .debug_macro   0x000001ac      0x802 ./Sources/dma.o
 .debug_macro   0x000009ae       0x16 ./Sources/dma.o
 .debug_macro   0x000009c4       0x44 ./Sources/dma.o
 .debug_macro   0x00000a08      0x209 ./Sources/dma.o
 .debug_macro   0x00000c11       0x58 ./Sources/dma.o
 .debug_macro   0x00000c69       0x35 ./Sources/dma.o
 .debug_macro   0x00000c9e       0xa3 ./Sources/dma.o
 .debug_macro   0x00000d41       0x16 ./Sources/dma.o
 .debug_macro   0x00000d57       0x97 ./Sources/dma.o
 .debug_macro   0x00000dee       0x10 ./Sources/dma.o
 .debug_macro   0x00000dfe       0xef ./Sources/dma.o
 .debug_macro   0x00000eed       0x52 ./Sources/dma.o
 .debug_macro   0x00000f3f       0x16 ./Sources/dma.o
 .debug_macro   0x00000f55       0x43 ./Sources/dma.o
 .debug_macro   0x00000f98      0x180 ./Sources/dma.o
 .debug_macro   0x00001118       0x10 ./Sources/dma.o
 .debug_macro   0x00001128       0x22 ./Sources/dma.o
 .debug_macro   0x0000114a       0xbd ./Sources/dma.o
 .debug_macro   0x00001207       0x16 ./Sources/dma.o
 .debug_macro   0x0000121d      0x14a ./Sources/dma.o
 .debug_macro   0x00001367       0x16 ./Sources/dma.o
 .debug_macro   0x0000137d       0x35 ./Sources/dma.o
 .debug_macro   0x000013b2       0x22 ./Sources/dma.o
 .debug_macro   0x000013d4       0x22 ./Sources/dma.o
 .debug_macro   0x000013f6       0x28 ./Sources/dma.o
 .debug_macro   0x0000141e       0x4c ./Sources/dma.o
 .debug_macro   0x0000146a       0x3a ./Sources/dma.o
 .debug_macro   0x000014a4       0x26 ./Sources/dma.o
 .debug_macro   0x000014ca      0x306 ./Sources/dma.o
 .debug_macro   0x000017d0       0x63 ./Sources/dma.o
 .debug_macro   0x00001833     0x839f ./Sources/dma.o
 .debug_macro   0x00009bd2       0xde ./Sources/dma.o
 .debug_macro   0x00009cb0      0x1b7 ./Sources/main.o
 .debug_macro   0x00009e67      0x10e ./Sources/main.o
 .debug_macro   0x00009f75       0x7f ./Sources/main.o
 .debug_macro   0x00009ff4       0x4a ./Sources/main.o
 .debug_macro   0x0000a03e       0x1c ./Sources/main.o
 .debug_macro   0x0000a05a      0x20f ./Sources/main.o
 .debug_macro   0x0000a269       0x83 ./Sources/profiling.o
 .debug_macro   0x0000a2ec       0x16 ./Sources/profiling.o
 .debug_macro   0x0000a302       0x3a ./Sources/profiling.o
 .debug_macro   0x0000a33c       0x7e ./Project_Settings/Startup_Code/system_MKL25Z4.o

.debug_line     0x00000000      0xc2b
 .debug_line    0x00000000      0x398 ./Sources/dma.o
 .debug_line    0x00000398      0x3a4 ./Sources/main.o
 .debug_line    0x0000073c      0x217 ./Sources/profiling.o
 .debug_line    0x00000953       0x7b ./Project_Settings/Startup_Code/startup_MKL25Z4.o
 .debug_line    0x000009ce      0x25d ./Project_Settings/Startup_Code/system_MKL25Z4.o

.debug_str      0x00000000    0x34771
 .debug_str     0x00000000    0x344aa ./Sources/dma.o
                              0x3496a (size before relaxing)
 .debug_str     0x000344aa       0xfc ./Sources/main.o
                              0x34016 (size before relaxing)
 .debug_str     0x000345a6       0x6a ./Sources/profiling.o
                              0x32100 (size before relaxing)
 .debug_str     0x00034610      0x161 ./Project_Settings/Startup_Code/system_MKL25Z4.o
                              0x31f0e (size before relaxing)

.comment        0x00000000       0x70
 .comment       0x00000000       0x70 ./Sources/dma.o
                                 0x71 (size before relaxing)
 .comment       0x00000000       0x71 ./Sources/main.o
 .comment       0x00000000       0x71 ./Sources/profiling.o
 .comment       0x00000000       0x71 ./Project_Settings/Startup_Code/system_MKL25Z4.o

.debug_frame    0x00000000      0x42c
 .debug_frame   0x00000000      0x100 ./Sources/dma.o
 .debug_frame   0x00000100       0xac ./Sources/main.o
 .debug_frame   0x000001ac       0x84 ./Sources/profiling.o
 .debug_frame   0x00000230       0x3c ./Project_Settings/Startup_Code/system_MKL25Z4.o
 .debug_frame   0x0000026c       0x28 /opt/Freescale/KDS_v3/toolchain/bin/../lib/gcc/arm-none-eabi/4.8.4/../../../../arm-none-eabi/lib/armv6-m/libg_s.a(lib_a-exit.o)
 .debug_frame   0x00000294       0x2c /opt/Freescale/KDS_v3/toolchain/bin/../lib/gcc/arm-none-eabi/4.8.4/../../../../arm-none-eabi/lib/armv6-m/libg_s.a(lib_a-init.o)
 .debug_frame   0x000002c0       0x40 /opt/Freescale/KDS_v3/toolchain/bin/../lib/gcc/arm-none-eabi/4.8.4/../../../../arm-none-eabi/lib/armv6-m/libg_s.a(lib_a-malloc.o)
 .debug_frame   0x00000300       0x20 /opt/Freescale/KDS_v3/toolchain/bin/../lib/gcc/arm-none-eabi/4.8.4/../../../../arm-none-eabi/lib/armv6-m/libg_s.a(lib_a-memset.o)
 .debug_frame   0x00000320       0x2c /opt/Freescale/KDS_v3/toolchain/bin/../lib/gcc/arm-none-eabi/4.8.4/../../../../arm-none-eabi/lib/armv6-m/libg_s.a(lib_a-nano-freer.o)
 .debug_frame   0x0000034c       0x2c /opt/Freescale/KDS_v3/toolchain/bin/../lib/gcc/arm-none-eabi/4.8.4/../../../../arm-none-eabi/lib/armv6-m/libg_s.a(lib_a-nano-mallocr.o)
 .debug_frame   0x00000378       0x2c /opt/Freescale/KDS_v3/toolchain/bin/../lib/gcc/arm-none-eabi/4.8.4/../../../../arm-none-eabi/lib/armv6-m/libg_s.a(lib_a-sbrkr.o)
 .debug_frame   0x000003a4       0x48 /opt/Freescale/KDS_v3/toolchain/bin/../lib/gcc/arm-none-eabi/4.8.4/../../../../arm-none-eabi/lib/armv6-m/libg_s.a(lib_a-reent.o)
 .debug_frame   0x000003ec       0x20 /opt/Freescale/KDS_v3/toolchain/bin/../lib/gcc/arm-none-eabi/4.8.4/../../../../arm-none-eabi/lib/armv6-m/libnosys.a(sbrk.o)
 .debug_frame   0x0000040c       0x20 /opt/Freescale/KDS_v3/toolchain/bin/../lib/gcc/arm-none-eabi/4.8.4/../../../../arm-none-eabi/lib/armv6-m/libnosys.a(_exit.o)

.debug_loc      0x00000000       0xf4
 .debug_loc     0x00000000       0xf4 ./Project_Settings/Startup_Code/system_MKL25Z4.o
